000 (9662526.001.000) 2026-08-18 00:32:04 Job submitted from host: <128.105.68.112:9618?addrs=128.105.68.112-9618+[2607-f388-2200-100-eaeb-d3ff-fea3-4202]-9618&alias=ap2001.chtc.wisc.edu&noUDP&sock=schedd_7891_25eb>
...
040 (9662526.001.000) 2026-08-18 00:33:35 Started transferring input files
	Transferring to host: <128.105.69.123:9618?addrs=128.105.69.123-9618+[2607-f388-2200-100-1270-fdff-fe56-7324]-9618&alias=e4072.chtc.wisc.edu&noUDP&sock=slot1_68_870495_39df_83679>
...
040 (9662526.001.000) 2026-08-18 00:33:35 Finished transferring input files
...
001 (9662526.001.000) 2026-08-18 00:33:35 Job executing on host: <128.105.69.123:9618?addrs=128.105.69.123-9618+[2607-f388-2200-100-1270-fdff-fe56-7324]-9618&alias=e4072.chtc.wisc.edu&noUDP&sock=startd_14826_fb36>
	SlotName: slot1_68@e4072.chtc.wisc.edu
	CondorScratchDir = "/var/lib/condor/execute/slot1/dir_4156183/scratch"
	Cpus = 8
	Disk = 16777216
	GPUs = 0
	IoHeavy = 0
	Memory = 20480
...
006 (9662526.001.000) 2026-08-18 00:33:44 Image size of job updated: 26
	26  -  MemoryUsage of job (MB)
	26796  -  ResidentSetSize of job (KB)
...
006 (9662526.001.000) 2026-08-18 00:38:45 Image size of job updated: 2123
	2123  -  MemoryUsage of job (MB)
	2174312  -  ResidentSetSize of job (KB)
...
006 (9662526.001.000) 2026-08-18 00:43:45 Image size of job updated: 2965
	2965  -  MemoryUsage of job (MB)
	3036972  -  ResidentSetSize of job (KB)
...
006 (9662526.001.000) 2026-08-18 00:48:45 Image size of job updated: 3800
	3800  -  MemoryUsage of job (MB)
	3891684  -  ResidentSetSize of job (KB)
...
006 (9662526.001.000) 2026-08-18 00:53:46 Image size of job updated: 3822
	3822  -  MemoryUsage of job (MB)
	3914568  -  ResidentSetSize of job (KB)
...
006 (9662526.001.000) 2026-08-18 01:08:49 Image size of job updated: 4801
	4801  -  MemoryUsage of job (MB)
	4916736  -  ResidentSetSize of job (KB)
...
006 (9662526.001.000) 2026-08-18 01:33:53 Image size of job updated: 8003
	8003  -  MemoryUsage of job (MB)
	8195600  -  ResidentSetSize of job (KB)
...
006 (9662526.001.000) 2026-08-18 01:38:53 Image size of job updated: 8576
	8576  -  MemoryUsage of job (MB)
	8782360  -  ResidentSetSize of job (KB)
...
006 (9662526.001.000) 2026-08-18 01:43:54 Image size of job updated: 11986
	11986  -  MemoryUsage of job (MB)
	12274616  -  ResidentSetSize of job (KB)
...
006 (9662526.001.000) 2026-08-18 01:53:56 Image size of job updated: 14401
	14401  -  MemoryUsage of job (MB)
	14746788  -  ResidentSetSize of job (KB)
...
040 (9662526.001.000) 2026-08-18 08:20:27 Started transferring output files
...
040 (9662526.001.000) 2026-08-18 08:20:27 Finished transferring output files
...
005 (9662526.001.000) 2026-08-18 08:20:29 Job terminated.
	(1) Normal termination (return value 0)
		Usr 0 15:13:56, Sys 0 00:47:34  -  Run Remote Usage
		Usr 0 00:00:00, Sys 0 00:00:00  -  Run Local Usage
		Usr 0 15:13:56, Sys 0 00:47:34  -  Total Remote Usage
		Usr 0 00:00:00, Sys 0 00:00:00  -  Total Local Usage
	1151483  -  Run Bytes Sent By Job
	858  -  Run Bytes Received By Job
	1151483  -  Total Bytes Sent By Job
	858  -  Total Bytes Received By Job
	Partitionable Resources :       Usage  Request Allocated 
	   Cpus                 :        0.00        8         8 
	   Disk (KB)            : 13265408    16777216  16777216 
	   GPUs                 :                              0 
	   IoHeavy              :                              0 
	   Memory (MB)          :    14401       20480     20480 
	   TimeExecute (s)      :    28012                       
	   TimeSlotBusy (s)     :    28013                       
...
