000 (9659857.000.000) 2026-08-15 00:22:33 Job submitted from host: <128.105.68.112:9618?addrs=128.105.68.112-9618+[2607-f388-2200-100-eaeb-d3ff-fea3-4202]-9618&alias=ap2001.chtc.wisc.edu&noUDP&sock=schedd_7891_25eb>
...
040 (9659857.000.000) 2026-08-15 00:23:17 Started transferring input files
	Transferring to host: <128.105.69.152:9618?addrs=128.105.69.152-9618+[2607-f388-2200-100-1270-fdff-fe56-c8d4]-9618&alias=e4085.chtc.wisc.edu&noUDP&sock=slot1_11_3103267_160a_70459>
...
040 (9659857.000.000) 2026-08-15 00:23:17 Finished transferring input files
...
001 (9659857.000.000) 2026-08-15 00:23:26 Job executing on host: <128.105.69.152:9618?addrs=128.105.69.152-9618+[2607-f388-2200-100-1270-fdff-fe56-c8d4]-9618&alias=e4085.chtc.wisc.edu&noUDP&sock=startd_10617_f517>
	SlotName: slot1_11@e4085.chtc.wisc.edu
	CondorScratchDir = "/var/lib/condor/execute/slot1/dir_1406777/scratch"
	Cpus = 8
	Disk = 16777216
	GPUs = 0
	IoHeavy = 0
	Memory = 24576
...
006 (9659857.000.000) 2026-08-15 00:28:26 Image size of job updated: 2165
	2165  -  MemoryUsage of job (MB)
	2217720  -  ResidentSetSize of job (KB)
...
006 (9659857.000.000) 2026-08-15 00:33:26 Image size of job updated: 3799
	3799  -  MemoryUsage of job (MB)
	3891128  -  ResidentSetSize of job (KB)
...
006 (9659857.000.000) 2026-08-15 00:38:26 Image size of job updated: 3869
	3869  -  MemoryUsage of job (MB)
	3962456  -  ResidentSetSize of job (KB)
...
006 (9659857.000.000) 2026-08-15 00:43:26 Image size of job updated: 4008
	4008  -  MemoryUsage of job (MB)
	4104372  -  ResidentSetSize of job (KB)
...
006 (9659857.000.000) 2026-08-15 00:48:26 Image size of job updated: 4466
	4466  -  MemoryUsage of job (MB)
	4573612  -  ResidentSetSize of job (KB)
...
006 (9659857.000.000) 2026-08-15 00:53:26 Image size of job updated: 4715
	4715  -  MemoryUsage of job (MB)
	4828696  -  ResidentSetSize of job (KB)
...
006 (9659857.000.000) 2026-08-15 01:03:28 Image size of job updated: 5347
	5347  -  MemoryUsage of job (MB)
	5475788  -  ResidentSetSize of job (KB)
...
006 (9659857.000.000) 2026-08-15 01:08:28 Image size of job updated: 14409
	14409  -  MemoryUsage of job (MB)
	14755520  -  ResidentSetSize of job (KB)
...
006 (9659857.000.000) 2026-08-15 01:13:29 Image size of job updated: 15541
	15541  -  MemoryUsage of job (MB)
	15914096  -  ResidentSetSize of job (KB)
...
040 (9659857.000.000) 2026-08-16 06:22:43 Started transferring output files
...
040 (9659857.000.000) 2026-08-16 06:22:44 Finished transferring output files
...
005 (9659857.000.000) 2026-08-16 06:22:50 Job terminated.
	(1) Normal termination (return value 0)
		Usr 1 12:11:25, Sys 0 00:17:02  -  Run Remote Usage
		Usr 0 00:00:00, Sys 0 00:00:00  -  Run Local Usage
		Usr 1 12:11:25, Sys 0 00:17:02  -  Total Remote Usage
		Usr 0 00:00:00, Sys 0 00:00:00  -  Total Local Usage
	29277234  -  Run Bytes Sent By Job
	826  -  Run Bytes Received By Job
	29277234  -  Total Bytes Sent By Job
	826  -  Total Bytes Received By Job
	Partitionable Resources :       Usage  Request Allocated 
	   Cpus                 :        0.00        8         8 
	   Disk (KB)            : 13291684    16777216  16777216 
	   GPUs                 :                              0 
	   IoHeavy              :                              0 
	   Memory (MB)          :    15541       24576     24576 
	   TimeExecute (s)      :   107930                       
	   TimeSlotBusy (s)     :   107967                       
...
