000 (9659857.001.000) 2026-08-15 00:22:33 Job submitted from host: <128.105.68.112:9618?addrs=128.105.68.112-9618+[2607-f388-2200-100-eaeb-d3ff-fea3-4202]-9618&alias=ap2001.chtc.wisc.edu&noUDP&sock=schedd_7891_25eb>
...
040 (9659857.001.000) 2026-08-15 00:23:24 Started transferring input files
	Transferring to host: <128.105.69.118:9618?addrs=128.105.69.118-9618+[2607-f388-2200-100-1270-fdff-fe56-ccac]-9618&alias=e4067.chtc.wisc.edu&noUDP&sock=slot1_26_2024545_d9f1_80642>
...
040 (9659857.001.000) 2026-08-15 00:23:24 Finished transferring input files
...
001 (9659857.001.000) 2026-08-15 00:23:33 Job executing on host: <128.105.69.118:9618?addrs=128.105.69.118-9618+[2607-f388-2200-100-1270-fdff-fe56-ccac]-9618&alias=e4067.chtc.wisc.edu&noUDP&sock=startd_14854_2fdd>
	SlotName: slot1_26@e4067.chtc.wisc.edu
	CondorScratchDir = "/var/lib/condor/execute/slot1/dir_2334130/scratch"
	Cpus = 8
	Disk = 16777216
	GPUs = 0
	IoHeavy = 0
	Memory = 24576
...
006 (9659857.001.000) 2026-08-15 00:28:34 Image size of job updated: 2223
	2223  -  MemoryUsage of job (MB)
	2276488  -  ResidentSetSize of job (KB)
...
006 (9659857.001.000) 2026-08-15 00:33:35 Image size of job updated: 4791
	4791  -  MemoryUsage of job (MB)
	4906160  -  ResidentSetSize of job (KB)
...
006 (9659857.001.000) 2026-08-15 01:03:37 Image size of job updated: 12172
	12172  -  MemoryUsage of job (MB)
	12464272  -  ResidentSetSize of job (KB)
...
006 (9659857.001.000) 2026-08-15 01:08:38 Image size of job updated: 14975
	14975  -  MemoryUsage of job (MB)
	15334988  -  ResidentSetSize of job (KB)
...
040 (9659857.001.000) 2026-08-16 02:51:12 Started transferring output files
...
040 (9659857.001.000) 2026-08-16 02:51:12 Finished transferring output files
...
005 (9659857.001.000) 2026-08-16 02:51:28 Job terminated.
	(1) Normal termination (return value 0)
		Usr 1 07:50:28, Sys 0 00:32:47  -  Run Remote Usage
		Usr 0 00:00:00, Sys 0 00:00:00  -  Run Local Usage
		Usr 1 07:50:28, Sys 0 00:32:47  -  Total Remote Usage
		Usr 0 00:00:00, Sys 0 00:00:00  -  Total Local Usage
	29277462  -  Run Bytes Sent By Job
	826  -  Run Bytes Received By Job
	29277462  -  Total Bytes Sent By Job
	826  -  Total Bytes Received By Job
	Partitionable Resources :       Usage  Request Allocated 
	   Cpus                 :        0.01        8         8 
	   Disk (KB)            : 13288580    16777216  16777216 
	   GPUs                 :                              0 
	   IoHeavy              :                              0 
	   Memory (MB)          :    14975       24576     24576 
	   TimeExecute (s)      :    95220                       
	   TimeSlotBusy (s)     :    95269                       
...
